{
  "version": "1.4.0",
  "plugins_used": [
    {
      "name": "ArtifactoryDetector"
    },
    {
      "name": "AWSKeyDetector"
    },
    {
      "name": "AzureStorageKeyDetector"
    },
    {
      "name": "Base64HighEntropyString",
      "limit": 4.5
    },
    {
      "name": "BasicAuthDetector"
    },
    {
      "name": "CloudantDetector"
    },
    {
      "name": "DiscordBotTokenDetector"
    },
    {
      "name": "GitHubTokenDetector"
    },
    {
      "name": "HexHighEntropyString",
      "limit": 3.0
    },
    {
      "name": "IbmCloudIamDetector"
    },
    {
      "name": "IbmCosHmacDetector"
    },
    {
      "name": "JwtTokenDetector"
    },
    {
      "name": "KeywordDetector",
      "keyword_exclude": ""
    },
    {
      "name": "MailchimpDetector"
    },
    {
      "name": "NpmDetector"
    },
    {
      "name": "PrivateKeyDetector"
    },
    {
      "name": "SendGridDetector"
    },
    {
      "name": "SlackDetector"
    },
    {
      "name": "SoftlayerDetector"
    },
    {
      "name": "SquareOAuthDetector"
    },
    {
      "name": "StripeDetector"
    },
    {
      "name": "TwilioKeyDetector"
    }
  ],
  "filters_used": [
    {
      "path": "detect_secrets.filters.allowlist.is_line_allowlisted"
    },
    {
      "path": "detect_secrets.filters.common.is_baseline_file",
      "filename": ".secrets.baseline"
    },
    {
      "path": "detect_secrets.filters.common.is_ignored_due_to_verification_policies",
      "min_level": 2
    },
    {
      "path": "detect_secrets.filters.heuristic.is_indirect_reference"
    },
    {
      "path": "detect_secrets.filters.heuristic.is_likely_id_string"
    },
    {
      "path": "detect_secrets.filters.heuristic.is_lock_file"
    },
    {
      "path": "detect_secrets.filters.heuristic.is_not_alphanumeric_string"
    },
    {
      "path": "detect_secrets.filters.heuristic.is_potential_uuid"
    },
    {
      "path": "detect_secrets.filters.heuristic.is_prefixed_with_dollar_sign"
    },
    {
      "path": "detect_secrets.filters.heuristic.is_sequential_string"
    },
    {
      "path": "detect_secrets.filters.heuristic.is_swagger_file"
    },
    {
      "path": "detect_secrets.filters.heuristic.is_templated_secret"
    }
  ],
  "results": {
    "cmd/yago/secretsmanager_integration_test.go": [
      {
        "type": "Secret Keyword",
        "filename": "cmd/yago/secretsmanager_integration_test.go",
        "hashed_secret": "722a72ed3c7b074262939840aa92e92b3fc241ec",
        "is_verified": false,
        "line_number": 70
      }
    ],
    "internal/parser/yaml_behavioral_bdd_test.go": [
      {
        "type": "Secret Keyword",
        "filename": "internal/parser/yaml_behavioral_bdd_test.go",
        "hashed_secret": "035bf17d591b5967aafe1700f7e7d0bf0f7d6bf3",
        "is_verified": false,
        "line_number": 904
      },
      {
        "type": "Secret Keyword",
        "filename": "internal/parser/yaml_behavioral_bdd_test.go",
        "hashed_secret": "27066e60b7ce57253c307e8cfff15c66b85b6cb5",
        "is_verified": false,
        "line_number": 913
      }
    ],
    "internal/repo/git_behavioral_bdd_test.go": [
      {
        "type": "Secret Keyword",
        "filename": "internal/repo/git_behavioral_bdd_test.go",
        "hashed_secret": "232f2278b05ff9b091dee547e89e546b0403c78c",
        "is_verified": false,
        "line_number": 271
      },
      {
        "type": "Basic Auth Credentials",
        "filename": "internal/repo/git_behavioral_bdd_test.go",
        "hashed_secret": "9d4e1e23bd5b727046a9e3b4b7db57bd8d6ee684",
        "is_verified": false,
        "line_number": 271
      }
    ],
    "internal/utils/repo/git.go": [
      {
        "type": "Secret Keyword",
        "filename": "internal/utils/repo/git.go",
        "hashed_secret": "2526359484c3ac7ad85b5d11cbab1f399f79ce6d",
        "is_verified": false,
        "line_number": 598
      }
    ],
    "pkg/aws/secretsmanager.go": [
      {
        "type": "Secret Keyword",
        "filename": "pkg/aws/secretsmanager.go",
        "hashed_secret": "44e17306b837162269a410204daaa5ecee4ec22c",
        "is_verified": false,
        "line_number": 520
      },
      {
        "type": "Secret Keyword",
        "filename": "pkg/aws/secretsmanager.go",
        "hashed_secret": "ffb1dccb8ffa1b76776c1f4a7ea680c1deb6135d",
        "is_verified": false,
        "line_number": 886
      },
      {
        "type": "Secret Keyword",
        "filename": "pkg/aws/secretsmanager.go",
        "hashed_secret": "ce05a608eb27a6c32a3bda8cac10d647f49fb4ac",
        "is_verified": false,
        "line_number": 887
      },
      {
        "type": "Secret Keyword",
        "filename": "pkg/aws/secretsmanager.go",
        "hashed_secret": "b63bf00edb07af6ffba7f7ceb7ed573a913271f7",
        "is_verified": false,
        "line_number": 888
      },
      {
        "type": "Secret Keyword",
        "filename": "pkg/aws/secretsmanager.go",
        "hashed_secret": "7bfab66d307c824a52622af284a0bd486d6525e3",
        "is_verified": false,
        "line_number": 889
      },
      {
        "type": "Secret Keyword",
        "filename": "pkg/aws/secretsmanager.go",
        "hashed_secret": "8e43c64851c2214482930466b04621e5b4a08907",
        "is_verified": false,
        "line_number": 890
      },
      {
        "type": "Secret Keyword",
        "filename": "pkg/aws/secretsmanager.go",
        "hashed_secret": "125d16933063b982dcc0111ea9314f129772dc72",
        "is_verified": false,
        "line_number": 891
      },
      {
        "type": "Secret Keyword",
        "filename": "pkg/aws/secretsmanager.go",
        "hashed_secret": "d458b353c9bbb77dc5e077e8258393b269dd6ddd",
        "is_verified": false,
        "line_number": 892
      },
      {
        "type": "Secret Keyword",
        "filename": "pkg/aws/secretsmanager.go",
        "hashed_secret": "b5efa98bf8cea69847a5d296c92d0f3b7983b9cb",
        "is_verified": false,
        "line_number": 893
      },
      {
        "type": "Secret Keyword",
        "filename": "pkg/aws/secretsmanager.go",
        "hashed_secret": "439fe7dd755065227c0bc0cb66889b52adfd82ce",
        "is_verified": false,
        "line_number": 894
      },
      {
        "type": "Secret Keyword",
        "filename": "pkg/aws/secretsmanager.go",
        "hashed_secret": "7cb6efb98ba5972a9b5090dc2e517fe14d12cb04",
        "is_verified": false,
        "line_number": 973
      },
      {
        "type": "Secret Keyword",
        "filename": "pkg/aws/secretsmanager.go",
        "hashed_secret": "40b9ae901e5d1145e22f8790ecbadb82b2d61c66",
        "is_verified": false,
        "line_number": 1039
      },
      {
        "type": "Secret Keyword",
        "filename": "pkg/aws/secretsmanager.go",
        "hashed_secret": "1fdb36182aae2e206f9cecb00d3aac4aae057d97",
        "is_verified": false,
        "line_number": 1040
      }
    ],
    "pkg/aws/secretsmanager_fake_test.go": [
      {
        "type": "Secret Keyword",
        "filename": "pkg/aws/secretsmanager_fake_test.go",
        "hashed_secret": "9eceefecebe3e4b9963569878702c9e56a94cd32",
        "is_verified": false,
        "line_number": 17
      },
      {
        "type": "Secret Keyword",
        "filename": "pkg/aws/secretsmanager_fake_test.go",
        "hashed_secret": "6162c68b3e4b1b2063d7c34be4dcd5e29a9421b5",
        "is_verified": false,
        "line_number": 90
      },
      {
        "type": "Secret Keyword",
        "filename": "pkg/aws/secretsmanager_fake_test.go",
        "hashed_secret": "44e17306b837162269a410204daaa5ecee4ec22c",
        "is_verified": false,
        "line_number": 188
      }
    ],
    "pkg/aws/secretsmanager_lifecycle_test.go": [
      {
        "type": "Secret Keyword",
        "filename": "pkg/aws/secretsmanager_lifecycle_test.go",
        "hashed_secret": "44e17306b837162269a410204daaa5ecee4ec22c",
        "is_verified": false,
        "line_number": 50
      },
      {
        "type": "Secret Keyword",
        "filename": "pkg/aws/secretsmanager_lifecycle_test.go",
        "hashed_secret": "31ef4ac40e3f6abbae2a4cc50952c94955f89171",
        "is_verified": false,
        "line_number": 64
      },
      {
        "type": "Secret Keyword",
        "filename": "pkg/aws/secretsmanager_lifecycle_test.go",
        "hashed_secret": "7f1bef363c142991436ced63e57b7286e3bca821",
        "is_verified": false,
        "line_number": 500
      },
      {
        "type": "Secret Keyword",
        "filename": "pkg/aws/secretsmanager_lifecycle_test.go",
        "hashed_secret": "0c3debbf5752e15201607e4583f45e1ef32f5fe7",
        "is_verified": false,
        "line_number": 501
      },
      {
        "type": "Secret Keyword",
        "filename": "pkg/aws/secretsmanager_lifecycle_test.go",
        "hashed_secret": "6d186bcfa66b4e5a7d39a01f63021df60435d1c3",
        "is_verified": false,
        "line_number": 502
      },
      {
        "type": "Secret Keyword",
        "filename": "pkg/aws/secretsmanager_lifecycle_test.go",
        "hashed_secret": "2d419a11fe6709aed93c6f51ecd70039da54ba4c",
        "is_verified": false,
        "line_number": 503
      },
      {
        "type": "Secret Keyword",
        "filename": "pkg/aws/secretsmanager_lifecycle_test.go",
        "hashed_secret": "86e5b675f17caea8fc525c69797185d9643c5a31",
        "is_verified": false,
        "line_number": 504
      }
    ],
    "pkg/aws/secretsmanager_test.go": [
      {
        "type": "Secret Keyword",
        "filename": "pkg/aws/secretsmanager_test.go",
        "hashed_secret": "389e692ea069c9f4ec224a23157e80768415ec2f",
        "is_verified": false,
        "line_number": 63
      },
      {
        "type": "Secret Keyword",
        "filename": "pkg/aws/secretsmanager_test.go",
        "hashed_secret": "afc34528a254031079581f990d9f018b08ae08b1",
        "is_verified": false,
        "line_number": 63
      },
      {
        "type": "Secret Keyword",
        "filename": "pkg/aws/secretsmanager_test.go",
        "hashed_secret": "ff55435345834a3fe224936776c2aa15f6ed5358",
        "is_verified": false,
        "line_number": 139
      },
      {
        "type": "Secret Keyword",
        "filename": "pkg/aws/secretsmanager_test.go",
        "hashed_secret": "31ef4ac40e3f6abbae2a4cc50952c94955f89171",
        "is_verified": false,
        "line_number": 141
      },
      {
        "type": "Secret Keyword",
        "filename": "pkg/aws/secretsmanager_test.go",
        "hashed_secret": "2e3e96456baa7866dc22e416a810cb6ae2b2aef6",
        "is_verified": false,
        "line_number": 159
      }
    ],
    "pkg/aws/tags.go": [
      {
        "type": "Secret Keyword",
        "filename": "pkg/aws/tags.go",
        "hashed_secret": "1fc0c0a9c0f6ce5ce2e66dfe8725b996f9830b39",
        "is_verified": false,
        "line_number": 19
      }
    ],
    "pkg/aws/tags_test.go": [
      {
        "type": "Secret Keyword",
        "filename": "pkg/aws/tags_test.go",
        "hashed_secret": "42b0a9f7fe744f80a1c7cbfaa8011acc7bc41c51",
        "is_verified": false,
        "line_number": 145
      }
    ],
    "pkg/concourse/commands.go": [
      {
        "type": "Secret Keyword",
        "filename": "pkg/concourse/commands.go",
        "hashed_secret": "1855a0baf7ec7d4ee74de59c5d2396e999fab078",
        "is_verified": false,
        "line_number": 281
      }
    ],
    "pkg/concourse/setpipelines_behavioral_bdd_test.go": [
      {
        "type": "Secret Keyword",
        "filename": "pkg/concourse/setpipelines_behavioral_bdd_test.go",
        "hashed_secret": "da19880411eca9df7c34f4f4690fb783e9c38d38",
        "is_verified": false,
        "line_number": 195
      }
    ],
    "pkg/desiredstate/component_handler_base_test.go": [
      {
        "type": "Hex High Entropy String",
        "filename": "pkg/desiredstate/component_handler_base_test.go",
        "hashed_secret": "16a7b930da66e3f7a813e0a603cd038b251b1146",
        "is_verified": false,
        "line_number": 81
      },
      {
        "type": "Hex High Entropy String",
        "filename": "pkg/desiredstate/component_handler_base_test.go",
        "hashed_secret": "5975092bb0601b7963871871012310d9852065b4",
        "is_verified": false,
        "line_number": 82
      }
    ],
    "pkg/desiredstate/component_handler_docker_test.go": [
      {
        "type": "Hex High Entropy String",
        "filename": "pkg/desiredstate/component_handler_docker_test.go",
        "hashed_secret": "27a064c93771b0a443e2384df5c92acc43c49416",
        "is_verified": false,
        "line_number": 139
      }
    ],
    "pkg/desiredstate/component_handler_git_integration_test.go": [
      {
        "type": "Hex High Entropy String",
        "filename": "pkg/desiredstate/component_handler_git_integration_test.go",
        "hashed_secret": "317ea66608953d1699cde6243eadba3ea1e71b95",
        "is_verified": false,
        "line_number": 248
      }
    ],
    "pkg/desiredstate/component_handler_git_test.go": [
      {
        "type": "Hex High Entropy String",
        "filename": "pkg/desiredstate/component_handler_git_test.go",
        "hashed_secret": "16a7b930da66e3f7a813e0a603cd038b251b1146",
        "is_verified": false,
        "line_number": 62
      },
      {
        "type": "Hex High Entropy String",
        "filename": "pkg/desiredstate/component_handler_git_test.go",
        "hashed_secret": "90bd1b48e958257948487b90bee080ba5ed00caa",
        "is_verified": false,
        "line_number": 176
      },
      {
        "type": "Hex High Entropy String",
        "filename": "pkg/desiredstate/component_handler_git_test.go",
        "hashed_secret": "a9b4b027f4904fcc885ae8facaa168f809e89906",
        "is_verified": false,
        "line_number": 191
      },
      {
        "type": "Hex High Entropy String",
        "filename": "pkg/desiredstate/component_handler_git_test.go",
        "hashed_secret": "b6c32c64e41ce0d5ac4452764c6e2f69b6ba694a",
        "is_verified": false,
        "line_number": 248
      },
      {
        "type": "Hex High Entropy String",
        "filename": "pkg/desiredstate/component_handler_git_test.go",
        "hashed_secret": "a3d2709ddb4695bf7c836222de3fcdba279a129c",
        "is_verified": false,
        "line_number": 332
      }
    ],
    "pkg/desiredstate/component_handler_integration_test.go": [
      {
        "type": "Hex High Entropy String",
        "filename": "pkg/desiredstate/component_handler_integration_test.go",
        "hashed_secret": "90bd1b48e958257948487b90bee080ba5ed00caa",
        "is_verified": false,
        "line_number": 28
      }
    ],
    "pkg/desiredstate/component_handler_s3_test.go": [
      {
        "type": "Hex High Entropy String",
        "filename": "pkg/desiredstate/component_handler_s3_test.go",
        "hashed_secret": "90bd1b48e958257948487b90bee080ba5ed00caa",
        "is_verified": false,
        "line_number": 34
      }
    ],
    "pkg/desiredstate/component_registry_test.go": [
      {
        "type": "Secret Keyword",
        "filename": "pkg/desiredstate/component_registry_test.go",
        "hashed_secret": "f2b14f68eb995facb3a1c35287b778d5bd785511",
        "is_verified": false,
        "line_number": 385
      }
    ],
    "pkg/desiredstate/version_cache_test.go": [
      {
        "type": "Hex High Entropy String",
        "filename": "pkg/desiredstate/version_cache_test.go",
        "hashed_secret": "90bd1b48e958257948487b90bee080ba5ed00caa",
        "is_verified": false,
        "line_number": 21
      },
      {
        "type": "Hex High Entropy String",
        "filename": "pkg/desiredstate/version_cache_test.go",
        "hashed_secret": "b6c32c64e41ce0d5ac4452764c6e2f69b6ba694a",
        "is_verified": false,
        "line_number": 43
      }
    ],
    "pkg/secretsmanager/commands_test.go": [
      {
        "type": "Secret Keyword",
        "filename": "pkg/secretsmanager/commands_test.go",
        "hashed_secret": "83648dd7e172891218c644d9762286f8ef1ee836",
        "is_verified": false,
        "line_number": 440
      },
      {
        "type": "Secret Keyword",
        "filename": "pkg/secretsmanager/commands_test.go",
        "hashed_secret": "722a72ed3c7b074262939840aa92e92b3fc241ec",
        "is_verified": false,
        "line_number": 487
      }
    ],
    "pkg/secretsmanager/secrets_file.go": [
      {
        "type": "Secret Keyword",
        "filename": "pkg/secretsmanager/secrets_file.go",
        "hashed_secret": "da576d7094928b6611eb623680b4323de19eb993",
        "is_verified": false,
        "line_number": 51
      },
      {
        "type": "Secret Keyword",
        "filename": "pkg/secretsmanager/secrets_file.go",
        "hashed_secret": "92992f2a4bae2100a6a7292e8042b6808068ff13",
        "is_verified": false,
        "line_number": 68
      }
    ],
    "pkg/secretsmanager/secrets_file_test.go": [
      {
        "type": "Secret Keyword",
        "filename": "pkg/secretsmanager/secrets_file_test.go",
        "hashed_secret": "a6acd3603369f57bcd8c69624c13347a2e01c2a8",
        "is_verified": false,
        "line_number": 42
      },
      {
        "type": "Secret Keyword",
        "filename": "pkg/secretsmanager/secrets_file_test.go",
        "hashed_secret": "51ce3c174455e6760c02d77f6a2ad3b1ecbe524c",
        "is_verified": false,
        "line_number": 158
      }
    ],
    "pkg/secretsmanager/tools.go": [
      {
        "type": "Secret Keyword",
        "filename": "pkg/secretsmanager/tools.go",
        "hashed_secret": "fe86558143c0bd528f649a153bdc32b8fa90301c",
        "is_verified": false,
        "line_number": 60
      }
    ],
    "pkg/terraform/secret_inputs.go": [
      {
        "type": "Secret Keyword",
        "filename": "pkg/terraform/secret_inputs.go",
        "hashed_secret": "9a51325a24fd1ae3921dd833276114eae317157b",
        "is_verified": false,
        "line_number": 16
      }
    ],
    "pkg/terraform/secret_inputs_test.go": [
      {
        "type": "Secret Keyword",
        "filename": "pkg/terraform/secret_inputs_test.go",
        "hashed_secret": "637487c884f6dd9a4a638fab826509cfdba90fa9",
        "is_verified": false,
        "line_number": 33
      },
      {
        "type": "Secret Keyword",
        "filename": "pkg/terraform/secret_inputs_test.go",
        "hashed_secret": "24b55fe81e9e7b11798d3a4e4677dd48ffc81559",
        "is_verified": false,
        "line_number": 96
      },
      {
        "type": "Secret Keyword",
        "filename": "pkg/terraform/secret_inputs_test.go",
        "hashed_secret": "4fb66d7a1a9bd66192688249a1d9ff36ac4309e1",
        "is_verified": false,
        "line_number": 111
      }
    ],
    "pkg/terraform/secret_values_test.go": [
      {
        "type": "Secret Keyword",
        "filename": "pkg/terraform/secret_values_test.go",
        "hashed_secret": "c8d8f8140951794fa875ea2c2d010c4382f36566",
        "is_verified": false,
        "line_number": 38
      },
      {
        "type": "Secret Keyword",
        "filename": "pkg/terraform/secret_values_test.go",
        "hashed_secret": "079ad0bb90b10f6a639caa25414fdf9f62278302",
        "is_verified": false,
        "line_number": 48
      },
      {
        "type": "Secret Keyword",
        "filename": "pkg/terraform/secret_values_test.go",
        "hashed_secret": "d18aac96b905b4b3c839891b7a91c9414149514c",
        "is_verified": false,
        "line_number": 53
      },
      {
        "type": "Secret Keyword",
        "filename": "pkg/terraform/secret_values_test.go",
        "hashed_secret": "e5e9fa1ba31ecd1ae84f75caaa474f3a663f05f4",
        "is_verified": false,
        "line_number": 86
      },
      {
        "type": "Secret Keyword",
        "filename": "pkg/terraform/secret_values_test.go",
        "hashed_secret": "bec262808ffd307630f5d167bb7aaf470eabbe6b",
        "is_verified": false,
        "line_number": 118
      },
      {
        "type": "Secret Keyword",
        "filename": "pkg/terraform/secret_values_test.go",
        "hashed_secret": "45e52baa2fa8858d3815cd2d75600553518060f6",
        "is_verified": false,
        "line_number": 145
      },
      {
        "type": "Secret Keyword",
        "filename": "pkg/terraform/secret_values_test.go",
        "hashed_secret": "2e35098716f2eaef947a7a73927b5459e66e99b7",
        "is_verified": false,
        "line_number": 147
      }
    ],
    "tests/assets/4.2.0/configurations/concourse-cluster/concourse/secrets-cluster.yaml": [
      {
        "type": "Secret Keyword",
        "filename": "tests/assets/4.2.0/configurations/concourse-cluster/concourse/secrets-cluster.yaml",
        "hashed_secret": "a6acd3603369f57bcd8c69624c13347a2e01c2a8",
        "is_verified": false,
        "line_number": 13
      },
      {
        "type": "Secret Keyword",
        "filename": "tests/assets/4.2.0/configurations/concourse-cluster/concourse/secrets-cluster.yaml",
        "hashed_secret": "beede27c0f26d5915f84625dacfe09af881ef4dc",
        "is_verified": false,
        "line_number": 35
      },
      {
        "type": "Secret Keyword",
        "filename": "tests/assets/4.2.0/configurations/concourse-cluster/concourse/secrets-cluster.yaml",
        "hashed_secret": "b5d34f46aa61c257f0eab68688d2c3df9f0bde7d",
        "is_verified": false,
        "line_number": 36
      },
      {
        "type": "Secret Keyword",
        "filename": "tests/assets/4.2.0/configurations/concourse-cluster/concourse/secrets-cluster.yaml",
        "hashed_secret": "c33a7463b205a63a6534dc74bb1104900d1009eb",
        "is_verified": false,
        "line_number": 52
      },
      {
        "type": "Secret Keyword",
        "filename": "tests/assets/4.2.0/configurations/concourse-cluster/concourse/secrets-cluster.yaml",
        "hashed_secret": "5baa61e4c9b93f3f0682250b6cf8331b7ee68fd8",
        "is_verified": false,
        "line_number": 129
      },
      {
        "type": "Secret Keyword",
        "filename": "tests/assets/4.2.0/configurations/concourse-cluster/concourse/secrets-cluster.yaml",
        "hashed_secret": "8163090c26ad2c054115c702a3a05c6d8f1f8ac6",
        "is_verified": false,
        "line_number": 140
      },
      {
        "type": "Secret Keyword",
        "filename": "tests/assets/4.2.0/configurations/concourse-cluster/concourse/secrets-cluster.yaml",
        "hashed_secret": "665b1e3851eefefa3fb878654292f16597d25155",
        "is_verified": false,
        "line_number": 150
      }
    ],
    "tests/assets/4.2.0/configurations/concourse-cluster/configuration.yaml": [
      {
        "type": "Secret Keyword",
        "filename": "tests/assets/4.2.0/configurations/concourse-cluster/configuration.yaml",
        "hashed_secret": "4f8e25760550f4134a3a82ed0fbf3ab7811e4a70",
        "is_verified": false,
        "line_number": 26
      }
    ],
    "tests/assets/shared/devops-dev/packer.yaml": [
      {
        "type": "Base64 High Entropy String",
        "filename": "tests/assets/shared/devops-dev/packer.yaml",
        "hashed_secret": "18d454dc66e1f71166448df5d40e602407df753c",
        "is_verified": false,
        "line_number": 4
      },
      {
        "type": "Base64 High Entropy String",
        "filename": "tests/assets/shared/devops-dev/packer.yaml",
        "hashed_secret": "bf86c2dd249c25d61635be5d4802128c08508ee9",
        "is_verified": false,
        "line_number": 6
      },
      {
        "type": "Base64 High Entropy String",
        "filename": "tests/assets/shared/devops-dev/packer.yaml",
        "hashed_secret": "0af8b182bca5ef1157b26743e2da3ea1c54a7ed9",
        "is_verified": false,
        "line_number": 7
      }
    ]
  },
  "generated_at": "2026-09-24T10:57:28Z"
}
